// Jest Snapshot v1, https://goo.gl/fbAQLP

exports[`LoginLayout loads renders child after loading google account script 1`] = `
<div>
  <div>
    <span>
      child
    </span>
  </div>
</div>
`;

exports[`LoginLayout returns loading when script not loaded 1`] = `
<div>
  <div>
    <svg
      class="text-3xl animate-spin"
      fill="currentColor"
      height="1em"
      stroke="currentColor"
      stroke-width="0"
      viewBox="0 0 24 24"
      width="1em"
      xmlns="http://www.w3.org/2000/svg"
    >
      <path
        d="M2 11h5v2H2zm15 0h5v2h-5zm-6 6h2v5h-2zm0-15h2v5h-2zM4.222 5.636l1.414-1.414 3.536 3.536-1.414 1.414zm15.556 12.728-1.414 1.414-3.536-3.536 1.414-1.414zm-12.02-3.536 1.414 1.414-3.536 3.536-1.414-1.414zm7.07-7.071 3.536-3.535 1.414 1.415-3.536 3.535z"
      />
    </svg>
  </div>
</div>
`;
