// Jest Snapshot v1, https://goo.gl/fbAQLP

exports[`Footer renders as expected 1`] = `
<div>
  <footer
    class="bottom-0 w-full flex justify-end bg-white dark:bg-dark-700 text-sm px-5 z-1"
  >
    2023
    Â©
     
    maffin.io
  </footer>
</div>
`;
