// Jest Snapshot v1, https://goo.gl/fbAQLP

exports[`AccountForm renders as expected 1`] = `
<div>
  <form>
    <fieldset
      class="text-sm my-5"
    >
      <label
        class="inline-block mb-2"
        for="nameInput"
      >
        Name
      </label>
      <input
        class="block w-full m-0"
        id="nameInput"
        name="name"
        type="text"
      />
      <p
        class="invalid-feedback"
      />
    </fieldset>
    <fieldset
      class="text-sm my-5"
    >
      <label
        class="inline-block mb-2"
        for="parent"
      >
        Parent
      </label>
      <div
        class=" css-b62m3t-container"
        id="parentInput"
      >
        <span
          class="css-1f43avz-a11yText-A11yText"
          id="react-select-2-live-region"
        />
        <span
          aria-atomic="false"
          aria-live="polite"
          aria-relevant="additions text"
          class="css-1f43avz-a11yText-A11yText"
        />
        <div
          class="!h-9 !min-h-fit text-sm pl-10 !bg-gunmetal-800 !border-none css-13cymwt-control"
        >
          <svg
            class="absolute text-md left-[10px]"
            fill="currentColor"
            height="1em"
            stroke="currentColor"
            stroke-width="0"
            viewBox="0 0 24 24"
            width="1em"
            xmlns="http://www.w3.org/2000/svg"
          >
            <path
              d="M10 18a7.952 7.952 0 0 0 4.897-1.688l4.396 4.396 1.414-1.414-4.396-4.396A7.952 7.952 0 0 0 18 10c0-4.411-3.589-8-8-8s-8 3.589-8 8 3.589 8 8 8zm0-14c3.309 0 6 2.691 6 6s-2.691 6-6 6-6-2.691-6-6 2.691-6 6-6z"
            />
          </svg>
          <div
            class=" css-1fdsijx-ValueContainer"
          >
            <div
              class=" css-1jqq78o-placeholder"
              id="react-select-2-placeholder"
            >
              &lt;parent account&gt;
            </div>
            <div
              class="!text-inherit css-qbdosj-Input"
              data-value=""
            >
              <input
                aria-autocomplete="list"
                aria-describedby="react-select-2-placeholder"
                aria-expanded="false"
                aria-haspopup="true"
                aria-label="parentInput"
                autocapitalize="none"
                autocomplete="off"
                autocorrect="off"
                class=""
                id="react-select-2-input"
                role="combobox"
                spellcheck="false"
                style="opacity: 1; width: 100%; grid-area: 1 / 2; min-width: 2px; border: 0px; margin: 0px; outline: 0; padding: 0px;"
                tabindex="0"
                type="text"
                value=""
              />
            </div>
          </div>
          <div
            class=" css-1hb7zxy-IndicatorsContainer"
          >
            <span
              class="hidden css-1u9des2-indicatorSeparator"
            />
            <div
              aria-hidden="true"
              class=" css-1xc3v61-indicatorContainer"
            >
              <svg
                aria-hidden="true"
                class="css-tj5bde-Svg"
                focusable="false"
                height="20"
                viewBox="0 0 20 20"
                width="20"
              >
                <path
                  d="M4.516 7.548c0.436-0.446 1.043-0.481 1.576 0l3.908 3.747 3.908-3.747c0.533-0.481 1.141-0.446 1.574 0 0.436 0.445 0.408 1.197 0 1.615-0.406 0.418-4.695 4.502-4.695 4.502-0.217 0.223-0.502 0.335-0.787 0.335s-0.57-0.112-0.789-0.335c0 0-4.287-4.084-4.695-4.502s-0.436-1.17 0-1.615z"
                />
              </svg>
            </div>
          </div>
        </div>
        <input
          name="parentInput"
          type="hidden"
          value=""
        />
      </div>
      <p
        class="invalid-feedback"
      />
    </fieldset>
    <fieldset
      class="text-sm my-5"
    >
      <label
        class="inline-block mb-2"
        for="type"
      >
        Account type
      </label>
      <div
        class=" css-3iigni-container"
        id="typeInput"
      >
        <span
          class="css-1f43avz-a11yText-A11yText"
          id="react-select-3-live-region"
        />
        <span
          aria-atomic="false"
          aria-live="polite"
          aria-relevant="additions text"
          class="css-1f43avz-a11yText-A11yText"
        />
        <div
          class="!h-9 !min-h-fit text-sm pl-10 !bg-gunmetal-700 !border-none css-16xfy0z-control"
        >
          <svg
            class="absolute text-md left-[10px]"
            fill="currentColor"
            height="1em"
            stroke="currentColor"
            stroke-width="0"
            viewBox="0 0 24 24"
            width="1em"
            xmlns="http://www.w3.org/2000/svg"
          >
            <path
              d="M17 17h-1.559l-9.7-10.673A1 1 0 0 0 5.001 6H2v2h2.559l4.09 4.5-4.09 4.501H2v2h3.001a1 1 0 0 0 .74-.327L10 13.987l4.259 4.686a1 1 0 0 0 .74.327H17v3l5-4-5-4v3z"
            />
            <path
              d="M15.441 8H17v3l5-3.938L17 3v3h-2.001a1 1 0 0 0-.74.327l-3.368 3.707 1.48 1.346L15.441 8z"
            />
          </svg>
          <div
            class=" css-1fdsijx-ValueContainer"
          >
            <div
              class=" css-1jqq78o-placeholder"
              id="react-select-3-placeholder"
            >
              &lt;select parent first&gt;
            </div>
            <div
              class="!text-inherit css-1h01tm3-Input"
              data-value=""
            >
              <input
                aria-autocomplete="list"
                aria-describedby="react-select-3-placeholder"
                aria-expanded="false"
                aria-haspopup="true"
                aria-label="typeInput"
                autocapitalize="none"
                autocomplete="off"
                autocorrect="off"
                class=""
                disabled=""
                id="react-select-3-input"
                role="combobox"
                spellcheck="false"
                style="opacity: 1; width: 100%; grid-area: 1 / 2; min-width: 2px; border: 0px; margin: 0px; outline: 0; padding: 0px;"
                tabindex="0"
                type="text"
                value=""
              />
            </div>
          </div>
          <div
            class=" css-1hb7zxy-IndicatorsContainer"
          >
            <span
              class="hidden css-894a34-indicatorSeparator"
            />
            <div
              aria-hidden="true"
              class=" css-1xc3v61-indicatorContainer"
            >
              <svg
                aria-hidden="true"
                class="css-tj5bde-Svg"
                focusable="false"
                height="20"
                viewBox="0 0 20 20"
                width="20"
              >
                <path
                  d="M4.516 7.548c0.436-0.446 1.043-0.481 1.576 0l3.908 3.747 3.908-3.747c0.533-0.481 1.141-0.446 1.574 0 0.436 0.445 0.408 1.197 0 1.615-0.406 0.418-4.695 4.502-4.695 4.502-0.217 0.223-0.502 0.335-0.787 0.335s-0.57-0.112-0.789-0.335c0 0-4.287-4.084-4.695-4.502s-0.436-1.17 0-1.615z"
                />
              </svg>
            </div>
          </div>
        </div>
      </div>
      <p
        class="invalid-feedback"
      />
    </fieldset>
    <fieldset
      class="text-sm my-5"
    >
      <label
        class="inline-block mb-2"
        for="commodity"
      >
        Commodity
      </label>
      <div
        class=" css-b62m3t-container"
        id="commodityInput"
      >
        <span
          class="css-1f43avz-a11yText-A11yText"
          id="react-select-4-live-region"
        />
        <span
          aria-atomic="false"
          aria-live="polite"
          aria-relevant="additions text"
          class="css-1f43avz-a11yText-A11yText"
        />
        <div
          class="!h-9 !min-h-fit text-sm pl-10 !bg-gunmetal-800 !border-none css-13cymwt-control"
        >
          <svg
            class="absolute text-md left-[10px]"
            fill="currentColor"
            height="1em"
            stroke="currentColor"
            stroke-width="0"
            viewBox="0 0 24 24"
            width="1em"
            xmlns="http://www.w3.org/2000/svg"
          >
            <path
              d="M21 4H3a1 1 0 0 0-1 1v14a1 1 0 0 0 1 1h18a1 1 0 0 0 1-1V5a1 1 0 0 0-1-1zm-1 11a3 3 0 0 0-3 3H7a3 3 0 0 0-3-3V9a3 3 0 0 0 3-3h10a3 3 0 0 0 3 3v6z"
            />
            <path
              d="M12 8c-2.206 0-4 1.794-4 4s1.794 4 4 4 4-1.794 4-4-1.794-4-4-4zm0 6c-1.103 0-2-.897-2-2s.897-2 2-2 2 .897 2 2-.897 2-2 2z"
            />
          </svg>
          <div
            class=" css-1fdsijx-ValueContainer"
          >
            <div
              class=" css-1jqq78o-placeholder"
              id="react-select-4-placeholder"
            >
              &lt;commodity&gt;
            </div>
            <div
              class="!text-inherit css-qbdosj-Input"
              data-value=""
            >
              <input
                aria-autocomplete="list"
                aria-describedby="react-select-4-placeholder"
                aria-expanded="false"
                aria-haspopup="true"
                aria-label="commodityInput"
                autocapitalize="none"
                autocomplete="off"
                autocorrect="off"
                class=""
                id="react-select-4-input"
                role="combobox"
                spellcheck="false"
                style="opacity: 1; width: 100%; grid-area: 1 / 2; min-width: 2px; border: 0px; margin: 0px; outline: 0; padding: 0px;"
                tabindex="0"
                type="text"
                value=""
              />
            </div>
          </div>
          <div
            class=" css-1hb7zxy-IndicatorsContainer"
          >
            <span
              class="hidden css-1u9des2-indicatorSeparator"
            />
            <div
              aria-hidden="true"
              class=" css-1xc3v61-indicatorContainer"
            >
              <svg
                aria-hidden="true"
                class="css-tj5bde-Svg"
                focusable="false"
                height="20"
                viewBox="0 0 20 20"
                width="20"
              >
                <path
                  d="M4.516 7.548c0.436-0.446 1.043-0.481 1.576 0l3.908 3.747 3.908-3.747c0.533-0.481 1.141-0.446 1.574 0 0.436 0.445 0.408 1.197 0 1.615-0.406 0.418-4.695 4.502-4.695 4.502-0.217 0.223-0.502 0.335-0.787 0.335s-0.57-0.112-0.789-0.335c0 0-4.287-4.084-4.695-4.502s-0.436-1.17 0-1.615z"
                />
              </svg>
            </div>
          </div>
        </div>
        <input
          name="commodityInput"
          type="hidden"
          value=""
        />
      </div>
      <p
        class="invalid-feedback"
      />
    </fieldset>
    <div
      class="flex w-full justify-center"
    >
      <button
        class="btn-primary"
        disabled=""
        type="submit"
      >
        Save
      </button>
    </div>
  </form>
</div>
`;
