// Jest Snapshot v1, https://goo.gl/fbAQLP

exports[`MainSplit renders with empty data 1`] = `
<div>
  <input
    class="block w-full m-0"
    data-testid="date"
    id="dateInput"
    name="date"
    type="date"
  />
  <div
    class="flex w-1/2"
  >
    <div
      class="flex items-center rounded-md bg-background-800"
    >
      <input
        aria-label="splits.0.quantity"
        class="w-full text-right m-0"
        name="splits.0.quantity"
        step="any"
        type="number"
      />
      <span
        class="pr-2"
      >
        €
      </span>
    </div>
    <div
      class="flex items-center rounded-md hidden"
    >
      <span
        class="badge default mx-3"
        data-tooltip-id="value-help"
      >
        <svg
          fill="currentColor"
          height="1em"
          stroke="currentColor"
          stroke-width="0"
          viewBox="0 0 24 24"
          width="1em"
          xmlns="http://www.w3.org/2000/svg"
        >
          <path
            d="m11.293 17.293 1.414 1.414L19.414 12l-6.707-6.707-1.414 1.414L15.586 11H6v2h9.586z"
          />
        </svg>
      </span>
      <div
        class="flex items-center rounded-md  bg-background-800"
      >
        <input
          aria-label="splits.0.value"
          class="w-full text-right m-0"
          hidden=""
          name="splits.0.value"
          step="0.001"
          type="number"
        />
        <span
          class="pr-2"
        >
          €
        </span>
      </div>
    </div>
  </div>
</div>
`;
