// Jest Snapshot v1, https://goo.gl/fbAQLP

exports[`SplitsField renders with default values 1`] = `
<div>
  <form>
    <input
      class="block w-full m-0"
      data-testid="date"
      id="dateInput"
      name="date"
      type="date"
    />
    <label
      class="inline-block mb-2"
    >
      Amount
    </label>
    <div
      class="flex w-1/2"
    >
      <div
        class="flex items-center rounded-md bg-light-100 dark:bg-dark-800"
      >
        <input
          aria-label="splits.0.quantity"
          class="w-full text-right m-0"
          name="splits.0.quantity"
          step="0.001"
          type="number"
        />
        <span
          class="pr-2"
        >
          €
        </span>
      </div>
      <div
        class="flex items-center rounded-md hidden"
      >
        <span
          class="badge mx-3"
          data-tooltip-id="value-help"
        >
          <svg
            fill="currentColor"
            height="1em"
            stroke="currentColor"
            stroke-width="0"
            viewBox="0 0 24 24"
            width="1em"
            xmlns="http://www.w3.org/2000/svg"
          >
            <path
              d="m11.293 17.293 1.414 1.414L19.414 12l-6.707-6.707-1.414 1.414L15.586 11H6v2h9.586z"
            />
          </svg>
        </span>
        <div
          class="flex items-center rounded-md  bg-light-100 dark:bg-dark-800"
        >
          <input
            aria-label="splits.0.value"
            class="w-full text-right m-0"
            hidden=""
            name="splits.0.value"
            step="0.001"
            type="number"
          />
          <span
            class="pr-2"
          >
            €
          </span>
        </div>
      </div>
    </div>
    <label
      class="inline-block mt-5 mb-2"
    >
      Records
    </label>
    <fieldset
      class="grid grid-cols-12"
    >
      <div
        class="col-span-11"
      >
        <fieldset
          class="grid grid-cols-13"
        >
          <div
            class="col-span-9"
          >
            <div
              class="selector css-b62m3t-container"
              id="splits.1.account"
            >
              <span
                class="css-1f43avz-a11yText-A11yText"
                id="react-select-2-live-region"
              />
              <span
                aria-atomic="false"
                aria-live="polite"
                aria-relevant="additions text"
                class="css-1f43avz-a11yText-A11yText"
                role="log"
              />
              <div
                class="selector__control css-13cymwt-control"
              >
                <svg
                  class="absolute text-md left-[10px]"
                  fill="currentColor"
                  height="1em"
                  stroke="currentColor"
                  stroke-width="0"
                  viewBox="0 0 24 24"
                  width="1em"
                  xmlns="http://www.w3.org/2000/svg"
                >
                  <path
                    d="M10 18a7.952 7.952 0 0 0 4.897-1.688l4.396 4.396 1.414-1.414-4.396-4.396A7.952 7.952 0 0 0 18 10c0-4.411-3.589-8-8-8s-8 3.589-8 8 3.589 8 8 8zm0-14c3.309 0 6 2.691 6 6s-2.691 6-6 6-6-2.691-6-6 2.691-6 6-6z"
                  />
                </svg>
                <div
                  class="selector__value-container css-1fdsijx-ValueContainer"
                >
                  <div
                    class="selector__placeholder css-1jqq78o-placeholder"
                    id="react-select-2-placeholder"
                  >
                    &lt;account&gt;
                  </div>
                  <div
                    class="!text-inherit selector__input-container css-qbdosj-Input"
                    data-value=""
                  >
                    <input
                      aria-activedescendant=""
                      aria-autocomplete="list"
                      aria-describedby="react-select-2-placeholder"
                      aria-expanded="false"
                      aria-haspopup="true"
                      aria-label="splits.1.account"
                      autocapitalize="none"
                      autocomplete="off"
                      autocorrect="off"
                      class="selector__input"
                      id="react-select-2-input"
                      role="combobox"
                      spellcheck="false"
                      style="opacity: 1; width: 100%; grid-area: 1 / 2; min-width: 2px; border: 0px; margin: 0px; outline: 0; padding: 0px;"
                      tabindex="0"
                      type="text"
                      value=""
                    />
                  </div>
                </div>
                <div
                  class="selector__indicators css-1hb7zxy-IndicatorsContainer"
                >
                  <span
                    class="hidden selector__indicator-separator css-1u9des2-indicatorSeparator"
                  />
                  <div
                    aria-hidden="true"
                    class="selector__indicator selector__dropdown-indicator css-1xc3v61-indicatorContainer"
                  >
                    <svg
                      aria-hidden="true"
                      class="css-tj5bde-Svg"
                      focusable="false"
                      height="20"
                      viewBox="0 0 20 20"
                      width="20"
                    >
                      <path
                        d="M4.516 7.548c0.436-0.446 1.043-0.481 1.576 0l3.908 3.747 3.908-3.747c0.533-0.481 1.141-0.446 1.574 0 0.436 0.445 0.408 1.197 0 1.615-0.406 0.418-4.695 4.502-4.695 4.502-0.217 0.223-0.502 0.335-0.787 0.335s-0.57-0.112-0.789-0.335c0 0-4.287-4.084-4.695-4.502s-0.436-1.17 0-1.615z"
                      />
                    </svg>
                  </div>
                </div>
              </div>
              <input
                name="splits.1.account"
                type="hidden"
                value=""
              />
            </div>
            <p
              class="invalid-feedback"
            />
          </div>
          <div
            class="col-span-4"
          >
            <div
              class="flex items-center rounded-none bg-light-100 dark:bg-dark-800 rounded-r-md"
            >
              <input
                aria-label="splits.1.quantity"
                class="w-full text-right m-0"
                name="splits.1.quantity"
                step="0.001"
                type="number"
              />
              <span
                class="pr-2"
              />
            </div>
          </div>
          <div
            class="col-span-3"
            hidden=""
          >
            <div
              class="flex items-center rounded-r-md bg-light-100 dark:bg-dark-800"
            >
              <input
                aria-label="splits.1.value"
                class="w-full text-right m-0"
                name="splits.1.value"
                step="0.001"
                type="number"
              />
              <span
                class="pr-2"
              >
                €
              </span>
            </div>
          </div>
        </fieldset>
      </div>
    </fieldset>
    <p
      class="invalid-feedback"
    />
    <button
      class="link m-3"
      type="button"
    >
      Add split
    </button>
  </form>
</div>
`;
