// Jest Snapshot v1, https://goo.gl/fbAQLP

exports[`AccountsTable creates empty Table with expected params 1`] = `
<div>
  <div
    data-testid="Table"
  />
</div>
`;

exports[`AccountsTable renders Name column as expected 1`] = `
<div>
  <a
    href="/dashboard/accounts/a1"
  >
    Assets
  </a>
</div>
`;

exports[`AccountsTable renders Total column as expected 1`] = `
<div>
  <span>
    10.00 â‚¬
  </span>
</div>
`;
