// Jest Snapshot v1, https://goo.gl/fbAQLP

exports[`SQLExplorer renders all metadata 1`] = `
<div>
  <ul>
    <li>
      <div
        class="flex items-center cursor-pointer"
      >
        <svg
          class="mr-1"
          fill="currentColor"
          height="1em"
          stroke="currentColor"
          stroke-width="0"
          viewBox="0 0 24 24"
          width="1em"
          xmlns="http://www.w3.org/2000/svg"
        >
          <path
            d="M5.536 21.886a1.004 1.004 0 0 0 1.033-.064l13-9a1 1 0 0 0 0-1.644l-13-9A1 1 0 0 0 5 3v18a1 1 0 0 0 .536.886z"
          />
        </svg>
        <span
          class="text-md"
        >
          table1
        </span>
      </div>
      <div
        class="hidden"
      >
        <div
          data-testid="Table"
        />
      </div>
    </li>
    <li>
      <div
        class="flex items-center cursor-pointer"
      >
        <svg
          class="mr-1"
          fill="currentColor"
          height="1em"
          stroke="currentColor"
          stroke-width="0"
          viewBox="0 0 24 24"
          width="1em"
          xmlns="http://www.w3.org/2000/svg"
        >
          <path
            d="M5.536 21.886a1.004 1.004 0 0 0 1.033-.064l13-9a1 1 0 0 0 0-1.644l-13-9A1 1 0 0 0 5 3v18a1 1 0 0 0 .536.886z"
          />
        </svg>
        <span
          class="text-md"
        >
          table2
        </span>
      </div>
      <div
        class="hidden"
      >
        <div
          data-testid="Table"
        />
      </div>
    </li>
  </ul>
</div>
`;
