// Jest Snapshot v1, https://goo.gl/fbAQLP

exports[`Table renders headers with empty data 1`] = `
<div>
  <div
    class="relative overflow-hidden"
  >
    <table
      class="w-full text-sm text-left"
      id="table"
    >
      <thead
        class="bg-gunmetal-700 text-slate-300"
      >
        <tr>
          <th
            class="px-6 py-3"
            scope="col"
          >
            <div
              class="flex"
            >
              Name
              <div
                class="flex items-center cursor-pointer"
              >
                <svg
                  class="opacity-50 absolute"
                  fill="currentColor"
                  height="1em"
                  stroke="currentColor"
                  stroke-width="0"
                  viewBox="0 0 320 512"
                  width="1em"
                  xmlns="http://www.w3.org/2000/svg"
                >
                  <path
                    d="M279 224H41c-21.4 0-32.1-25.9-17-41L143 64c9.4-9.4 24.6-9.4 33.9 0l119 119c15.2 15.1 4.5 41-16.9 41z"
                  />
                </svg>
                <svg
                  class="opacity-50 absolute"
                  fill="currentColor"
                  height="1em"
                  stroke="currentColor"
                  stroke-width="0"
                  viewBox="0 0 320 512"
                  width="1em"
                  xmlns="http://www.w3.org/2000/svg"
                >
                  <path
                    d="M41 288h238c21.4 0 32.1 25.9 17 41L177 448c-9.4 9.4-24.6 9.4-33.9 0L24 329c-15.1-15.1-4.4-41 17-41z"
                  />
                </svg>
              </div>
            </div>
          </th>
          <th
            class="px-6 py-3"
            scope="col"
          >
            <div
              class="flex"
            >
              Amount
              <div
                class="flex items-center cursor-pointer"
              >
                <svg
                  class="opacity-50 absolute"
                  fill="currentColor"
                  height="1em"
                  stroke="currentColor"
                  stroke-width="0"
                  viewBox="0 0 320 512"
                  width="1em"
                  xmlns="http://www.w3.org/2000/svg"
                >
                  <path
                    d="M279 224H41c-21.4 0-32.1-25.9-17-41L143 64c9.4-9.4 24.6-9.4 33.9 0l119 119c15.2 15.1 4.5 41-16.9 41z"
                  />
                </svg>
                <svg
                  class="opacity-50 absolute"
                  fill="currentColor"
                  height="1em"
                  stroke="currentColor"
                  stroke-width="0"
                  viewBox="0 0 320 512"
                  width="1em"
                  xmlns="http://www.w3.org/2000/svg"
                >
                  <path
                    d="M41 288h238c21.4 0 32.1 25.9 17 41L177 448c-9.4 9.4-24.6 9.4-33.9 0L24 329c-15.1-15.1-4.4-41 17-41z"
                  />
                </svg>
              </div>
            </div>
          </th>
          <th
            class="px-6 py-3"
            scope="col"
          >
            <div
              class="flex"
            >
              Info
            </div>
          </th>
        </tr>
      </thead>
      <tbody />
    </table>
  </div>
  <div
    class="flex text-center text-sm items-center px-2 pb-1"
  >
    <label
      class="mr-1"
    >
      Display:
    </label>
    <select>
      <option
        value="5"
      >
        5
      </option>
      <option
        value="10"
      >
        10
      </option>
      <option
        value="50"
      >
        50
      </option>
    </select>
    <span
      class="mx-5"
    >
      Page
       
      <strong>
        1
         
        of
         
        0
      </strong>
       
    </span>
    <span
      class="flex justify-start items-center"
    >
      <label
        class="mr-1"
      >
        Go to page:
      </label>
      <input
        class="w-1/4"
        type="number"
        value="1"
      />
    </span>
    <div
      class="ms-auto"
    >
      <button
        class="bg-gunmetal-700 rounded-full disabled:opacity-50 px-3 py-1"
        disabled=""
        type="button"
      >
        &lt;&lt;
      </button>
       
      <button
        class="bg-gunmetal-700 rounded-full disabled:opacity-50 px-3 py-1"
        disabled=""
        type="button"
      >
        &lt;
      </button>
       
      <button
        class="bg-gunmetal-700 rounded-full disabled:opacity-50 px-3 py-1"
        disabled=""
        type="button"
      >
        &gt;
      </button>
       
      <button
        class="bg-gunmetal-700 rounded-full disabled:opacity-50 px-3 py-1"
        disabled=""
        type="button"
      >
        &gt;&gt;
      </button>
       
    </div>
  </div>
</div>
`;
