// Jest Snapshot v1, https://goo.gl/fbAQLP

exports[`AccountPage displays loading while account is null 1`] = `
<div>
  <div>
    Loading...
  </div>
</div>
`;

exports[`AccountPage renders as expected with account 1`] = `
<div>
  <div
    class="grid grid-cols-12 items-center pb-4"
  >
    <span
      class="col-span-10 text-xl font-medium"
    >
      path
       
      account
    </span>
    <div
      class="col-span-2 col-end-13 justify-self-end"
    >
      <div
        class="AddTransactionButton"
      >
        <span>
          {"account":{"guid":"guid","path":"path","type":"TYPE"}}
        </span>
      </div>
    </div>
  </div>
  <div
    class="TransactionsTable"
  >
    <span>
      {"accountId":"guid","accounts":[{"guid":"guid","path":"path","type":"TYPE"}]}
    </span>
  </div>
</div>
`;
