// Jest Snapshot v1, https://goo.gl/fbAQLP

exports[`CommodityFormButton opens modal when clicking the button 1`] = `
<div
  data-testid="Modal"
>
  <button
    class="float-right"
    type="button"
  >
    X
  </button>
  <span>
    Add commodity
  </span>
  <div
    data-testid="CommodityForm"
  />
</div>
`;
