// Jest Snapshot v1, https://goo.gl/fbAQLP

exports[`TransactionFormButton renders as expected by default 1`] = `
<div>
  <div
    data-testid="Modal"
  >
    <button
      class="float-right"
      type="button"
    >
      X
    </button>
    <span>
      Add transaction
    </span>
    <div
      data-testid="TransactionForm"
    />
  </div>
  <button
    class="btn-primary"
    id="add-tx"
    type="button"
  >
    <svg
      class="mr-1"
      fill="currentColor"
      height="1em"
      stroke="currentColor"
      stroke-width="0"
      viewBox="0 0 24 24"
      width="1em"
      xmlns="http://www.w3.org/2000/svg"
    >
      <path
        d="M13 7h-2v4H7v2h4v4h2v-4h4v-2h-4z"
      />
      <path
        d="M12 2C6.486 2 2 6.486 2 12s4.486 10 10 10 10-4.486 10-10S17.514 2 12 2zm0 18c-4.411 0-8-3.589-8-8s3.589-8 8-8 8 3.589 8 8-3.589 8-8 8z"
      />
    </svg>
    <span>
      Add Transaction
    </span>
  </button>
</div>
`;
