// Jest Snapshot v1, https://goo.gl/fbAQLP

exports[`AccountTypeSelector passes data as expected 1`] = `
<div>
  <div
    data-testid="Selector"
  />
</div>
`;

exports[`AccountTypeSelector renders as expected 1`] = `
<div>
  <div
    data-testid="Selector"
  />
</div>
`;
