// Jest Snapshot v1, https://goo.gl/fbAQLP

exports[`CustomTooltip renders as expected 1`] = `
<div>
  <div
    class="card m-0 mx-auto w-1/2 text-sm rounded-md"
  >
    Hello
  </div>
</div>
`;
