// Jest Snapshot v1, https://goo.gl/fbAQLP

exports[`AccountLayout renders as expected 1`] = `
<div>
  <div
    class="flex h-screen place-content-center place-items-center"
  >
    <div
      class="card flex items-center"
    >
      <img
        alt=""
        class="m-0"
        data-nimg="1"
        decoding="async"
        height="54"
        loading="lazy"
        src="/_next/image?url=%2Fimg.jpg&w=128&q=75"
        srcset="/_next/image?url=%2Fimg.jpg&w=64&q=75 1x, /_next/image?url=%2Fimg.jpg&w=128&q=75 2x"
        style="color: transparent;"
        width="54"
      />
      <div
        class="p-4"
      >
        <span>
          child
        </span>
      </div>
    </div>
  </div>
  <footer
    class="bottom-0 w-full flex justify-end bg-white dark:bg-dark-700 text-sm px-5 z-1"
  >
    2023
    Â©
     
    maffin.io
  </footer>
</div>
`;
